---
# Grafana Configuration
apiVersion: v1
kind: ConfigMap
metadata:
  name: grafana-config
  namespace: monitoring
  labels:
    app.kubernetes.io/name: grafana
    app.kubernetes.io/component: monitoring
    app.kubernetes.io/part-of: enclii
data:
  grafana.ini: |
    [server]
    root_url = https://grafana.enclii.dev
    domain = grafana.enclii.dev

    [security]
    admin_user = admin
    disable_gravatar = true
    cookie_secure = true

    [users]
    allow_sign_up = false

    [auth.anonymous]
    enabled = false

    [analytics]
    reporting_enabled = false
    check_for_updates = false

    [alerting]
    enabled = false
    execute_alerts = false

    [unified_alerting]
    enabled = true

    [log]
    mode = console
    level = info

    [dashboards]
    default_home_dashboard_path = /var/lib/grafana/dashboards/enclii-overview.json
---
# Grafana Datasources
apiVersion: v1
kind: ConfigMap
metadata:
  name: grafana-datasources
  namespace: monitoring
  labels:
    app.kubernetes.io/name: grafana
    app.kubernetes.io/component: monitoring
    app.kubernetes.io/part-of: enclii
data:
  datasources.yaml: |
    apiVersion: 1
    datasources:
      - name: Prometheus
        type: prometheus
        access: proxy
        url: http://prometheus:9090
        isDefault: true
        editable: false
        jsonData:
          timeInterval: "30s"
          httpMethod: POST
      - name: AlertManager
        type: alertmanager
        access: proxy
        url: http://alertmanager:9093
        editable: false
        jsonData:
          implementation: prometheus
---
# Grafana Dashboard Providers
apiVersion: v1
kind: ConfigMap
metadata:
  name: grafana-dashboards-provider
  namespace: monitoring
  labels:
    app.kubernetes.io/name: grafana
    app.kubernetes.io/component: monitoring
    app.kubernetes.io/part-of: enclii
data:
  dashboards.yaml: |
    apiVersion: 1
    providers:
      - name: 'enclii'
        orgId: 1
        folder: 'Enclii'
        folderUid: 'enclii'
        type: file
        disableDeletion: false
        updateIntervalSeconds: 30
        allowUiUpdates: true
        options:
          path: /var/lib/grafana/dashboards
---
# Enclii Overview Dashboard
apiVersion: v1
kind: ConfigMap
metadata:
  name: grafana-dashboards
  namespace: monitoring
  labels:
    app.kubernetes.io/name: grafana
    app.kubernetes.io/component: monitoring
    app.kubernetes.io/part-of: enclii
data:
  enclii-overview.json: |
    {
      "annotations": {
        "list": []
      },
      "description": "Enclii Platform Overview Dashboard",
      "editable": true,
      "fiscalYearStartMonth": 0,
      "graphTooltip": 1,
      "id": null,
      "links": [],
      "liveNow": false,
      "panels": [
        {
          "datasource": { "type": "prometheus", "uid": "prometheus" },
          "fieldConfig": {
            "defaults": {
              "color": { "mode": "thresholds" },
              "mappings": [
                { "options": { "0": { "color": "red", "index": 0, "text": "DOWN" }, "1": { "color": "green", "index": 1, "text": "UP" } }, "type": "value" }
              ],
              "thresholds": { "mode": "absolute", "steps": [ { "color": "red", "value": null }, { "color": "green", "value": 1 } ] }
            },
            "overrides": []
          },
          "gridPos": { "h": 4, "w": 4, "x": 0, "y": 0 },
          "id": 1,
          "options": { "colorMode": "background", "graphMode": "none", "justifyMode": "auto", "orientation": "auto", "reduceOptions": { "calcs": ["lastNotNull"], "fields": "", "values": false }, "textMode": "auto" },
          "title": "API Status",
          "type": "stat",
          "targets": [{ "expr": "up{job=\"switchyard-api\"}", "refId": "A" }]
        },
        {
          "datasource": { "type": "prometheus", "uid": "prometheus" },
          "fieldConfig": {
            "defaults": {
              "color": { "mode": "thresholds" },
              "mappings": [
                { "options": { "0": { "color": "red", "index": 0, "text": "DOWN" }, "1": { "color": "green", "index": 1, "text": "UP" } }, "type": "value" }
              ],
              "thresholds": { "mode": "absolute", "steps": [ { "color": "red", "value": null }, { "color": "green", "value": 1 } ] }
            },
            "overrides": []
          },
          "gridPos": { "h": 4, "w": 4, "x": 4, "y": 0 },
          "id": 2,
          "options": { "colorMode": "background", "graphMode": "none", "justifyMode": "auto", "orientation": "auto", "reduceOptions": { "calcs": ["lastNotNull"], "fields": "", "values": false }, "textMode": "auto" },
          "title": "PostgreSQL",
          "type": "stat",
          "targets": [{ "expr": "pg_up", "refId": "A" }]
        },
        {
          "datasource": { "type": "prometheus", "uid": "prometheus" },
          "fieldConfig": {
            "defaults": {
              "color": { "mode": "thresholds" },
              "mappings": [
                { "options": { "0": { "color": "red", "index": 0, "text": "DOWN" }, "1": { "color": "green", "index": 1, "text": "UP" } }, "type": "value" }
              ],
              "thresholds": { "mode": "absolute", "steps": [ { "color": "red", "value": null }, { "color": "green", "value": 1 } ] }
            },
            "overrides": []
          },
          "gridPos": { "h": 4, "w": 4, "x": 8, "y": 0 },
          "id": 3,
          "options": { "colorMode": "background", "graphMode": "none", "justifyMode": "auto", "orientation": "auto", "reduceOptions": { "calcs": ["lastNotNull"], "fields": "", "values": false }, "textMode": "auto" },
          "title": "Redis",
          "type": "stat",
          "targets": [{ "expr": "redis_up", "refId": "A" }]
        },
        {
          "datasource": { "type": "prometheus", "uid": "prometheus" },
          "fieldConfig": {
            "defaults": {
              "color": { "mode": "palette-classic" },
              "unit": "reqps"
            },
            "overrides": []
          },
          "gridPos": { "h": 8, "w": 12, "x": 0, "y": 4 },
          "id": 4,
          "options": { "legend": { "calcs": ["mean", "max"], "displayMode": "table", "placement": "bottom" }, "tooltip": { "mode": "multi" } },
          "title": "API Request Rate",
          "type": "timeseries",
          "targets": [{ "expr": "sum(rate(http_requests_total{job=\"switchyard-api\"}[5m])) by (status)", "legendFormat": "{{status}}", "refId": "A" }]
        },
        {
          "datasource": { "type": "prometheus", "uid": "prometheus" },
          "fieldConfig": {
            "defaults": {
              "color": { "mode": "palette-classic" },
              "unit": "s"
            },
            "overrides": []
          },
          "gridPos": { "h": 8, "w": 12, "x": 12, "y": 4 },
          "id": 5,
          "options": { "legend": { "calcs": ["mean", "max"], "displayMode": "table", "placement": "bottom" }, "tooltip": { "mode": "multi" } },
          "title": "API Latency (P95)",
          "type": "timeseries",
          "targets": [{ "expr": "histogram_quantile(0.95, sum(rate(http_request_duration_seconds_bucket{job=\"switchyard-api\"}[5m])) by (le))", "legendFormat": "P95", "refId": "A" }, { "expr": "histogram_quantile(0.50, sum(rate(http_request_duration_seconds_bucket{job=\"switchyard-api\"}[5m])) by (le))", "legendFormat": "P50", "refId": "B" }]
        },
        {
          "datasource": { "type": "prometheus", "uid": "prometheus" },
          "fieldConfig": {
            "defaults": {
              "color": { "mode": "palette-classic" },
              "unit": "percent"
            },
            "overrides": []
          },
          "gridPos": { "h": 8, "w": 12, "x": 0, "y": 12 },
          "id": 6,
          "options": { "legend": { "displayMode": "table", "placement": "bottom" }, "tooltip": { "mode": "multi" } },
          "title": "Node CPU Usage",
          "type": "timeseries",
          "targets": [{ "expr": "100 - (avg by(instance) (rate(node_cpu_seconds_total{mode=\"idle\"}[5m])) * 100)", "legendFormat": "{{instance}}", "refId": "A" }]
        },
        {
          "datasource": { "type": "prometheus", "uid": "prometheus" },
          "fieldConfig": {
            "defaults": {
              "color": { "mode": "palette-classic" },
              "unit": "percent"
            },
            "overrides": []
          },
          "gridPos": { "h": 8, "w": 12, "x": 12, "y": 12 },
          "id": 7,
          "options": { "legend": { "displayMode": "table", "placement": "bottom" }, "tooltip": { "mode": "multi" } },
          "title": "Node Memory Usage",
          "type": "timeseries",
          "targets": [{ "expr": "(1 - node_memory_MemAvailable_bytes / node_memory_MemTotal_bytes) * 100", "legendFormat": "{{instance}}", "refId": "A" }]
        },
        {
          "datasource": { "type": "prometheus", "uid": "prometheus" },
          "fieldConfig": {
            "defaults": {
              "color": { "mode": "palette-classic" },
              "unit": "bytes"
            },
            "overrides": []
          },
          "gridPos": { "h": 8, "w": 12, "x": 0, "y": 20 },
          "id": 8,
          "options": { "legend": { "displayMode": "table", "placement": "bottom" }, "tooltip": { "mode": "multi" } },
          "title": "Pod Memory Usage",
          "type": "timeseries",
          "targets": [{ "expr": "sum(container_memory_working_set_bytes{namespace=\"enclii\",container!=\"\"}) by (pod)", "legendFormat": "{{pod}}", "refId": "A" }]
        },
        {
          "datasource": { "type": "prometheus", "uid": "prometheus" },
          "fieldConfig": {
            "defaults": {
              "color": { "mode": "palette-classic" },
              "unit": "short"
            },
            "overrides": []
          },
          "gridPos": { "h": 8, "w": 12, "x": 12, "y": 20 },
          "id": 9,
          "options": { "legend": { "displayMode": "table", "placement": "bottom" }, "tooltip": { "mode": "multi" } },
          "title": "Pod Restarts",
          "type": "timeseries",
          "targets": [{ "expr": "sum(increase(kube_pod_container_status_restarts_total{namespace=\"enclii\"}[1h])) by (pod)", "legendFormat": "{{pod}}", "refId": "A" }]
        }
      ],
      "refresh": "30s",
      "schemaVersion": 38,
      "style": "dark",
      "tags": ["enclii", "platform", "overview"],
      "templating": { "list": [] },
      "time": { "from": "now-1h", "to": "now" },
      "timepicker": {},
      "timezone": "browser",
      "title": "Enclii Platform Overview",
      "uid": "enclii-overview",
      "version": 1,
      "weekStart": ""
    }
---
# Grafana PVC
apiVersion: v1
kind: PersistentVolumeClaim
metadata:
  name: grafana-data
  namespace: monitoring
  labels:
    app.kubernetes.io/name: grafana
    app.kubernetes.io/component: monitoring
    app.kubernetes.io/part-of: enclii
spec:
  accessModes:
    - ReadWriteOnce
  resources:
    requests:
      storage: 5Gi
  storageClassName: longhorn
---
# Grafana Secret — NOT committed to git.
# Create manually before deploying Grafana.
# See grafana-credentials.yaml.template for schema and kubectl commands.
---
# Grafana Deployment
apiVersion: apps/v1
kind: Deployment
metadata:
  name: grafana
  namespace: monitoring
  labels:
    app.kubernetes.io/name: grafana
    app.kubernetes.io/component: monitoring
    app.kubernetes.io/part-of: enclii
spec:
  replicas: 1
  selector:
    matchLabels:
      app: grafana
  template:
    metadata:
      labels:
        app: grafana
        app.kubernetes.io/name: grafana
        app.kubernetes.io/component: monitoring
        app.kubernetes.io/part-of: enclii
    spec:
      securityContext:
        fsGroup: 472
        runAsUser: 472
        runAsNonRoot: true
        seccompProfile:
          type: RuntimeDefault
      containers:
        - name: grafana
          image: grafana/grafana:10.2.2
          ports:
            - containerPort: 3000
              name: http
          env:
            - name: GF_SECURITY_ADMIN_USER
              valueFrom:
                secretKeyRef:
                  name: grafana-credentials
                  key: admin-user
            - name: GF_SECURITY_ADMIN_PASSWORD
              valueFrom:
                secretKeyRef:
                  name: grafana-credentials
                  key: admin-password
          resources:
            requests:
              memory: "256Mi"
              cpu: "100m"
            limits:
              memory: "512Mi"
              cpu: "250m"
          volumeMounts:
            - name: data
              mountPath: /var/lib/grafana
            - name: config
              mountPath: /etc/grafana/grafana.ini
              subPath: grafana.ini
            - name: datasources
              mountPath: /etc/grafana/provisioning/datasources
            - name: dashboards-provider
              mountPath: /etc/grafana/provisioning/dashboards
            - name: dashboards
              mountPath: /var/lib/grafana/dashboards
            - name: dashboard-roundhouse
              mountPath: /var/lib/grafana/dashboards/roundhouse
          readinessProbe:
            httpGet:
              path: /api/health
              port: 3000
            initialDelaySeconds: 10
            periodSeconds: 10
          livenessProbe:
            httpGet:
              path: /api/health
              port: 3000
            initialDelaySeconds: 30
            periodSeconds: 10
      volumes:
        - name: config
          configMap:
            name: grafana-config
        - name: datasources
          configMap:
            name: grafana-datasources
        - name: dashboards-provider
          configMap:
            name: grafana-dashboards-provider
        - name: dashboards
          configMap:
            name: grafana-dashboards
        - name: dashboard-roundhouse
          configMap:
            name: grafana-dashboard-roundhouse
        - name: data
          persistentVolumeClaim:
            claimName: grafana-data
---
# Grafana Service
apiVersion: v1
kind: Service
metadata:
  name: grafana
  namespace: monitoring
  labels:
    app.kubernetes.io/name: grafana
    app.kubernetes.io/component: monitoring
    app.kubernetes.io/part-of: enclii
spec:
  type: ClusterIP
  ports:
    - port: 3000
      targetPort: 3000
      name: http
  selector:
    app: grafana
