// Jest Snapshot v1, https://goo.gl/fbAQLP

exports[`buildSummary snapshot matches the canonical shape (keys only — values are deterministic) 1`] = `
{
  "componentKeys": [
    "components",
    "created_at",
    "description",
    "group",
    "group_id",
    "id",
    "name",
    "only_show_if_degraded",
    "page_id",
    "position",
    "showcase",
    "start_date",
    "status",
    "updated_at",
  ],
  "incidentKeys": [
    "components",
    "created_at",
    "id",
    "impact",
    "incident_updates",
    "monitoring_at",
    "name",
    "page_id",
    "resolved_at",
    "shortlink",
    "started_at",
    "status",
    "updated_at",
  ],
  "incidentUpdateKeys": [
    "affected_components",
    "body",
    "created_at",
    "custom_tweet",
    "deliver_notifications",
    "display_at",
    "id",
    "incident_id",
    "status",
    "tweet_id",
    "updated_at",
  ],
  "maintenanceKeys": [
    "components",
    "created_at",
    "id",
    "impact",
    "incident_updates",
    "monitoring_at",
    "name",
    "page_id",
    "resolved_at",
    "scheduled_for",
    "scheduled_until",
    "shortlink",
    "started_at",
    "status",
    "updated_at",
  ],
  "pageKeys": [
    "id",
    "name",
    "time_zone",
    "updated_at",
    "url",
  ],
  "statusKeys": [
    "description",
    "indicator",
  ],
  "topLevelKeys": [
    "components",
    "incidents",
    "page",
    "scheduled_maintenances",
    "status",
  ],
}
`;
